// Jest Snapshot v1, https://goo.gl/fbAQLP

exports[`<FilteringTable /> Rendered well 1`] = `
<div>
  <div
    aria-colcount="2"
    aria-multiselectable="false"
    aria-rowcount="6"
    class="MuiDataGrid-root MuiDataGrid-root--densityStandard MuiDataGrid-withBorderColor css-1ftu7fc-MuiDataGrid-root"
    role="grid"
  >
    <div
      class="MuiDataGrid-main css-204u17-MuiDataGrid-main"
    >
      <div
        class="MuiDataGrid-columnHeaders MuiDataGrid-withBorderColor css-1iyq7zh-MuiDataGrid-columnHeaders"
        role="presentation"
        style="min-height: 56px; max-height: 56px; line-height: 56px;"
      >
        <div
          class="MuiDataGrid-columnHeadersInner MuiDataGrid-columnHeadersInner--scrollable css-gl260s-MuiDataGrid-columnHeadersInner"
          role="rowgroup"
          style="transform: translate3d(0px, 0px, 0px);"
        >
          <div
            aria-rowindex="1"
            class="css-yrdy0g-MuiDataGrid-columnHeaderRow"
            role="row"
          >
            <div
              aria-colindex="1"
              aria-sort="none"
              class="MuiDataGrid-columnHeader MuiDataGrid-columnHeader--alignCenter MuiDataGrid-withBorderColor MuiDataGrid-columnHeaderCheckbox"
              data-field="__check__"
              role="columnheader"
              style="height: 56px; width: 50px; min-width: 50px; max-width: 50px;"
              tabindex="0"
            >
              <div
                class="MuiDataGrid-columnHeaderDraggableContainer"
                draggable="false"
                role="presentation"
              >
                <div
                  class="MuiDataGrid-columnHeaderTitleContainer"
                  role="presentation"
                >
                  <div
                    class="MuiDataGrid-columnHeaderTitleContainerContent"
                  >
                    <span
                      class="MuiButtonBase-root MuiCheckbox-root MuiCheckbox-colorPrimary MuiCheckbox-sizeMedium PrivateSwitchBase-root MuiCheckbox-root MuiCheckbox-colorPrimary MuiCheckbox-sizeMedium MuiCheckbox-root MuiCheckbox-colorPrimary MuiCheckbox-sizeMedium MuiDataGrid-checkboxInput css-12wnr2w-MuiButtonBase-root-MuiCheckbox-root"
                    >
                      <input
                        aria-label="Select all rows"
                        class="PrivateSwitchBase-input css-1m9pwf3"
                        data-indeterminate="false"
                        tabindex="-1"
                        type="checkbox"
                      />
                      <svg
                        aria-hidden="true"
                        class="MuiSvgIcon-root MuiSvgIcon-fontSizeMedium css-i4bv87-MuiSvgIcon-root"
                        data-testid="CheckBoxOutlineBlankIcon"
                        focusable="false"
                        viewBox="0 0 24 24"
                      >
                        <path
                          d="M19 5v14H5V5h14m0-2H5c-1.1 0-2 .9-2 2v14c0 1.1.9 2 2 2h14c1.1 0 2-.9 2-2V5c0-1.1-.9-2-2-2z"
                        />
                      </svg>
                      <span
                        class="MuiTouchRipple-root css-8je8zh-MuiTouchRipple-root"
                      />
                    </span>
                  </div>
                </div>
              </div>
              <div
                class="MuiDataGrid-columnSeparator MuiDataGrid-columnSeparator--sideRight"
                style="min-height: 56px; opacity: 1;"
              >
                <svg
                  aria-hidden="true"
                  class="MuiSvgIcon-root MuiSvgIcon-fontSizeMedium MuiDataGrid-iconSeparator css-i4bv87-MuiSvgIcon-root"
                  data-testid="SeparatorIcon"
                  focusable="false"
                  viewBox="0 0 24 24"
                >
                  <path
                    d="M11 19V5h2v14z"
                  />
                </svg>
              </div>
            </div>
            <div
              aria-colindex="2"
              aria-label="Problem Class"
              aria-sort="none"
              class="MuiDataGrid-columnHeader MuiDataGrid-withBorderColor"
              data-field="name"
              role="columnheader"
              style="height: 56px; width: 0px; min-width: 0; max-width: 0;"
              tabindex="-1"
            >
              <div
                class="MuiDataGrid-columnHeaderDraggableContainer"
                draggable="false"
                role="presentation"
              >
                <div
                  class="MuiDataGrid-columnHeaderTitleContainer"
                  role="presentation"
                >
                  <div
                    class="MuiDataGrid-columnHeaderTitleContainerContent"
                  >
                    <div
                      aria-label=""
                      class="MuiDataGrid-columnHeaderTitle css-t89xny-MuiDataGrid-columnHeaderTitle"
                      data-mui-internal-clone-element="true"
                    >
                      Problem Class
                    </div>
                  </div>
                </div>
              </div>
              <div
                class="MuiDataGrid-columnSeparator MuiDataGrid-columnSeparator--sideRight"
                style="min-height: 56px; opacity: 1;"
              >
                <svg
                  aria-hidden="true"
                  class="MuiSvgIcon-root MuiSvgIcon-fontSizeMedium MuiDataGrid-iconSeparator css-i4bv87-MuiSvgIcon-root"
                  data-testid="SeparatorIcon"
                  focusable="false"
                  viewBox="0 0 24 24"
                >
                  <path
                    d="M11 19V5h2v14z"
                  />
                </svg>
              </div>
            </div>
          </div>
        </div>
      </div>
      <div
        class="MuiDataGrid-virtualScroller css-axafay-MuiDataGrid-virtualScroller"
        role="presentation"
        style="overflow-x: hidden;"
      >
        <div
          class="MuiDataGrid-virtualScrollerContent MuiDataGrid-virtualScrollerContent--overflowed css-1kwdphh-MuiDataGrid-virtualScrollerContent"
          role="presentation"
          style="width: auto; height: 260px; min-height: auto;"
        >
          <div
            class="MuiDataGrid-virtualScrollerRenderZone css-s1v7zr-MuiDataGrid-virtualScrollerRenderZone"
            role="rowgroup"
            style="transform: translate3d(0px, 0px, 0px);"
          >
            <div
              aria-rowindex="2"
              aria-selected="false"
              class="MuiDataGrid-row MuiDataGrid-row--dynamicHeight"
              data-id="Cvrp"
              data-rowindex="0"
              role="row"
              style="max-height: none; min-height: auto;"
            >
              <div
                aria-colindex="1"
                aria-colspan="1"
                class="MuiDataGrid-cellCheckbox MuiDataGrid-cell--withRenderer MuiDataGrid-cell MuiDataGrid-cell--textCenter MuiDataGrid-withBorderColor"
                data-colindex="0"
                data-field="__check__"
                role="cell"
                style="min-width: 50px; max-width: 50px; min-height: auto; max-height: none;"
                tabindex="-1"
              >
                <span
                  class="MuiButtonBase-root MuiCheckbox-root MuiCheckbox-colorPrimary MuiCheckbox-sizeMedium PrivateSwitchBase-root MuiCheckbox-root MuiCheckbox-colorPrimary MuiCheckbox-sizeMedium MuiCheckbox-root MuiCheckbox-colorPrimary MuiCheckbox-sizeMedium MuiDataGrid-checkboxInput css-12wnr2w-MuiButtonBase-root-MuiCheckbox-root"
                >
                  <input
                    aria-label="Select row"
                    class="PrivateSwitchBase-input css-1m9pwf3"
                    data-indeterminate="false"
                    tabindex="-1"
                    type="checkbox"
                  />
                  <svg
                    aria-hidden="true"
                    class="MuiSvgIcon-root MuiSvgIcon-fontSizeMedium css-i4bv87-MuiSvgIcon-root"
                    data-testid="CheckBoxOutlineBlankIcon"
                    focusable="false"
                    viewBox="0 0 24 24"
                  >
                    <path
                      d="M19 5v14H5V5h14m0-2H5c-1.1 0-2 .9-2 2v14c0 1.1.9 2 2 2h14c1.1 0 2-.9 2-2V5c0-1.1-.9-2-2-2z"
                    />
                  </svg>
                  <span
                    class="MuiTouchRipple-root css-8je8zh-MuiTouchRipple-root"
                  />
                </span>
              </div>
              <div
                aria-colindex="2"
                aria-colspan="1"
                class="MuiDataGrid-cell MuiDataGrid-cell--textLeft MuiDataGrid-withBorderColor"
                data-colindex="1"
                data-field="name"
                role="cell"
                style="min-width: 0; max-width: 0; min-height: auto; max-height: none;"
                tabindex="-1"
              >
                <div
                  class="MuiDataGrid-cellContent"
                  role="presentation"
                  title="Cvrp"
                >
                  Cvrp
                </div>
              </div>
            </div>
            <div
              aria-rowindex="3"
              aria-selected="false"
              class="MuiDataGrid-row MuiDataGrid-row--dynamicHeight"
              data-id="MaxCut"
              data-rowindex="1"
              role="row"
              style="max-height: none; min-height: auto;"
            >
              <div
                aria-colindex="1"
                aria-colspan="1"
                class="MuiDataGrid-cellCheckbox MuiDataGrid-cell--withRenderer MuiDataGrid-cell MuiDataGrid-cell--textCenter MuiDataGrid-withBorderColor"
                data-colindex="0"
                data-field="__check__"
                role="cell"
                style="min-width: 50px; max-width: 50px; min-height: auto; max-height: none;"
                tabindex="-1"
              >
                <span
                  class="MuiButtonBase-root MuiCheckbox-root MuiCheckbox-colorPrimary MuiCheckbox-sizeMedium PrivateSwitchBase-root MuiCheckbox-root MuiCheckbox-colorPrimary MuiCheckbox-sizeMedium MuiCheckbox-root MuiCheckbox-colorPrimary MuiCheckbox-sizeMedium MuiDataGrid-checkboxInput css-12wnr2w-MuiButtonBase-root-MuiCheckbox-root"
                >
                  <input
                    aria-label="Select row"
                    class="PrivateSwitchBase-input css-1m9pwf3"
                    data-indeterminate="false"
                    tabindex="-1"
                    type="checkbox"
                  />
                  <svg
                    aria-hidden="true"
                    class="MuiSvgIcon-root MuiSvgIcon-fontSizeMedium css-i4bv87-MuiSvgIcon-root"
                    data-testid="CheckBoxOutlineBlankIcon"
                    focusable="false"
                    viewBox="0 0 24 24"
                  >
                    <path
                      d="M19 5v14H5V5h14m0-2H5c-1.1 0-2 .9-2 2v14c0 1.1.9 2 2 2h14c1.1 0 2-.9 2-2V5c0-1.1-.9-2-2-2z"
                    />
                  </svg>
                  <span
                    class="MuiTouchRipple-root css-8je8zh-MuiTouchRipple-root"
                  />
                </span>
              </div>
              <div
                aria-colindex="2"
                aria-colspan="1"
                class="MuiDataGrid-cell MuiDataGrid-cell--textLeft MuiDataGrid-withBorderColor"
                data-colindex="1"
                data-field="name"
                role="cell"
                style="min-width: 0; max-width: 0; min-height: auto; max-height: none;"
                tabindex="-1"
              >
                <div
                  class="MuiDataGrid-cellContent"
                  role="presentation"
                  title="MaxCut"
                >
                  MaxCut
                </div>
              </div>
            </div>
            <div
              aria-rowindex="4"
              aria-selected="false"
              class="MuiDataGrid-row MuiDataGrid-row--dynamicHeight"
              data-id="Qap"
              data-rowindex="2"
              role="row"
              style="max-height: none; min-height: auto;"
            >
              <div
                aria-colindex="1"
                aria-colspan="1"
                class="MuiDataGrid-cellCheckbox MuiDataGrid-cell--withRenderer MuiDataGrid-cell MuiDataGrid-cell--textCenter MuiDataGrid-withBorderColor"
                data-colindex="0"
                data-field="__check__"
                role="cell"
                style="min-width: 50px; max-width: 50px; min-height: auto; max-height: none;"
                tabindex="-1"
              >
                <span
                  class="MuiButtonBase-root MuiCheckbox-root MuiCheckbox-colorPrimary MuiCheckbox-sizeMedium PrivateSwitchBase-root MuiCheckbox-root MuiCheckbox-colorPrimary MuiCheckbox-sizeMedium MuiCheckbox-root MuiCheckbox-colorPrimary MuiCheckbox-sizeMedium MuiDataGrid-checkboxInput css-12wnr2w-MuiButtonBase-root-MuiCheckbox-root"
                >
                  <input
                    aria-label="Select row"
                    class="PrivateSwitchBase-input css-1m9pwf3"
                    data-indeterminate="false"
                    tabindex="-1"
                    type="checkbox"
                  />
                  <svg
                    aria-hidden="true"
                    class="MuiSvgIcon-root MuiSvgIcon-fontSizeMedium css-i4bv87-MuiSvgIcon-root"
                    data-testid="CheckBoxOutlineBlankIcon"
                    focusable="false"
                    viewBox="0 0 24 24"
                  >
                    <path
                      d="M19 5v14H5V5h14m0-2H5c-1.1 0-2 .9-2 2v14c0 1.1.9 2 2 2h14c1.1 0 2-.9 2-2V5c0-1.1-.9-2-2-2z"
                    />
                  </svg>
                  <span
                    class="MuiTouchRipple-root css-8je8zh-MuiTouchRipple-root"
                  />
                </span>
              </div>
              <div
                aria-colindex="2"
                aria-colspan="1"
                class="MuiDataGrid-cell MuiDataGrid-cell--textLeft MuiDataGrid-withBorderColor"
                data-colindex="1"
                data-field="name"
                role="cell"
                style="min-width: 0; max-width: 0; min-height: auto; max-height: none;"
                tabindex="-1"
              >
                <div
                  class="MuiDataGrid-cellContent"
                  role="presentation"
                  title="Qap"
                >
                  Qap
                </div>
              </div>
            </div>
          </div>
        </div>
      </div>
    </div>
  </div>
</div>
`;
