// Jest Snapshot v1, https://goo.gl/fbAQLP

exports[`<SelectBox /> Rendered well 1`] = `
<div>
  <div
    class="MuiFormControl-root css-qtsj9i-MuiFormControl-root"
  >
    <p
      class="MuiTypography-root MuiTypography-body1 css-1vrwwiq-MuiTypography-root"
    >
      FixstarsClient
      :
    </p>
    <div
      class="MuiInputBase-root MuiOutlinedInput-root MuiInputBase-colorPrimary MuiInputBase-formControl MuiInputBase-sizeSmall  css-1s3eouz-MuiInputBase-root-MuiOutlinedInput-root-MuiSelect-root"
    >
      <div
        aria-expanded="false"
        aria-haspopup="listbox"
        class="MuiSelect-select MuiSelect-outlined MuiInputBase-input MuiOutlinedInput-input MuiInputBase-inputSizeSmall css-jedpe8-MuiSelect-select-MuiInputBase-input-MuiOutlinedInput-input"
        role="button"
        tabindex="0"
      >
        box
      </div>
      <input
        aria-hidden="true"
        class="MuiSelect-nativeInput css-yf8vq0-MuiSelect-nativeInput"
        tabindex="-1"
        value="box"
      />
      <svg
        aria-hidden="true"
        class="MuiSvgIcon-root MuiSvgIcon-fontSizeMedium MuiSelect-icon MuiSelect-iconOutlined css-hfutr2-MuiSvgIcon-root-MuiSelect-icon"
        data-testid="ArrowDropDownIcon"
        focusable="false"
        viewBox="0 0 24 24"
      >
        <path
          d="M7 10l5 5 5-5z"
        />
      </svg>
      <fieldset
        aria-hidden="true"
        class="MuiOutlinedInput-notchedOutline css-1d3z3hw-MuiOutlinedInput-notchedOutline"
      >
        <legend
          class="css-ihdtdm"
        >
          <span
            class="notranslate"
          >
            â€‹
          </span>
        </legend>
      </fieldset>
    </div>
  </div>
</div>
`;
