// Jest Snapshot v1, https://goo.gl/fbAQLP

exports[`<PlotTargetEnergy /> Rendered well 1`] = `
<div>
  <div />
</div>
`;
