// Jest Snapshot v1, https://goo.gl/fbAQLP

exports[`<ProblemList /> Rendered well 1`] = `
<div>
  <div
    class="MuiBox-root css-thz6x0"
  >
    <header
      class="MuiPaper-root MuiPaper-elevation MuiPaper-elevation0 MuiAppBar-root MuiAppBar-colorPrimary MuiAppBar-positionFixed mui-fixed css-1hc7nu0-MuiPaper-root-MuiAppBar-root"
    >
      <div
        class="MuiToolbar-root MuiToolbar-gutters MuiToolbar-regular css-1r339ym-MuiToolbar-root"
      >
        <div
          class="css-yp9swi"
        >
          <a
            class="css-94l1l1"
            href="/"
          >
            <h6
              class="MuiTypography-root MuiTypography-h6 MuiTypography-noWrap css-19sbe58-MuiTypography-root"
            >
              Annealing Benchmark
            </h6>
          </a>
        </div>
        <nav
          class="css-ov1ktg"
        >
          <a
            class="css-94l1l1"
            href="/"
          >
            <p
              class="MuiTypography-root MuiTypography-body1 css-4hrd4f-MuiTypography-root"
            >
              Problems
            </p>
          </a>
          <a
            class="css-94l1l1"
            href="/clients"
          >
            <p
              class="MuiTypography-root MuiTypography-body1 css-muv6ew-MuiTypography-root"
            >
              Clients
            </p>
          </a>
          <a
            class="css-94l1l1"
            href="/labels"
          >
            <p
              class="MuiTypography-root MuiTypography-body1 css-muv6ew-MuiTypography-root"
            >
              Label
            </p>
          </a>
        </nav>
      </div>
    </header>
    <div
      class="MuiBox-root css-1cf7osc"
    >
      <div
        class="MuiToolbar-root MuiToolbar-gutters MuiToolbar-regular css-hyum1k-MuiToolbar-root"
      />
      <div
        class="MuiBox-root css-0"
      >
        <div
          class="MuiGrid-root MuiGrid-item MuiGrid-grid-xs-12 css-15h1z56-MuiGrid-root"
        >
          <h2
            class="MuiTypography-root MuiTypography-h2 css-1asg1ln-MuiTypography-root"
          >
            Problem List
          </h2>
        </div>
      </div>
      <div
        class="MuiBox-root css-13pmxen"
      >
        <div
          aria-colcount="3"
          aria-multiselectable="false"
          aria-rowcount="8"
          class="MuiDataGrid-root MuiDataGrid-root--densityStandard css-15i6hkc-MuiDataGrid-root"
          role="grid"
        >
          <div>
            <div />
          </div>
          <div
            class="MuiDataGrid-main css-204u17-MuiDataGrid-main"
          >
            <div
              class="MuiDataGrid-columnHeaders css-f3jnds-MuiDataGrid-columnHeaders"
              style="min-height: 56px; max-height: 56px; line-height: 56px;"
            >
              <div
                class="MuiDataGrid-columnHeadersInner MuiDataGrid-columnHeadersInner--scrollable css-gl260s-MuiDataGrid-columnHeadersInner"
                role="rowgroup"
                style="transform: translate3d(0px, 0px, 0px);"
              >
                <div
                  aria-rowindex="1"
                  class="css-yrdy0g-MuiDataGrid-columnHeaderRow"
                  role="row"
                >
                  <div
                    aria-colindex="1"
                    aria-label="Class"
                    aria-sort="none"
                    class="MuiDataGrid-columnHeader"
                    data-field="class"
                    role="columnheader"
                    style="height: 56px; width: 100px; min-width: 100px; max-width: 100px;"
                    tabindex="0"
                  >
                    <div
                      class="MuiDataGrid-columnHeaderDraggableContainer"
                      draggable="false"
                    >
                      <div
                        class="MuiDataGrid-columnHeaderTitleContainer"
                      >
                        <div
                          class="MuiDataGrid-columnHeaderTitleContainerContent"
                        >
                          <div
                            aria-label=""
                            class="MuiDataGrid-columnHeaderTitle css-1jbbcbn-MuiDataGrid-columnHeaderTitle"
                            data-mui-internal-clone-element="true"
                          >
                            Class
                          </div>
                        </div>
                      </div>
                    </div>
                    <div
                      class="MuiDataGrid-columnSeparator MuiDataGrid-columnSeparator--sideRight"
                      style="min-height: 56px; opacity: 1;"
                    >
                      <svg
                        aria-hidden="true"
                        class="MuiSvgIcon-root MuiSvgIcon-fontSizeMedium MuiDataGrid-iconSeparator css-i4bv87-MuiSvgIcon-root"
                        data-testid="SeparatorIcon"
                        focusable="false"
                        viewBox="0 0 24 24"
                      >
                        <path
                          d="M11 19V5h2v14z"
                        />
                      </svg>
                    </div>
                  </div>
                  <div
                    aria-colindex="2"
                    aria-label="Instance"
                    aria-sort="none"
                    class="MuiDataGrid-columnHeader"
                    data-field="instance"
                    role="columnheader"
                    style="height: 56px; width: 180px; min-width: 180px; max-width: 180px;"
                    tabindex="-1"
                  >
                    <div
                      class="MuiDataGrid-columnHeaderDraggableContainer"
                      draggable="false"
                    >
                      <div
                        class="MuiDataGrid-columnHeaderTitleContainer"
                      >
                        <div
                          class="MuiDataGrid-columnHeaderTitleContainerContent"
                        >
                          <div
                            aria-label=""
                            class="MuiDataGrid-columnHeaderTitle css-1jbbcbn-MuiDataGrid-columnHeaderTitle"
                            data-mui-internal-clone-element="true"
                          >
                            Instance
                          </div>
                        </div>
                      </div>
                    </div>
                    <div
                      class="MuiDataGrid-columnSeparator MuiDataGrid-columnSeparator--sideRight"
                      style="min-height: 56px; opacity: 1;"
                    >
                      <svg
                        aria-hidden="true"
                        class="MuiSvgIcon-root MuiSvgIcon-fontSizeMedium MuiDataGrid-iconSeparator css-i4bv87-MuiSvgIcon-root"
                        data-testid="SeparatorIcon"
                        focusable="false"
                        viewBox="0 0 24 24"
                      >
                        <path
                          d="M11 19V5h2v14z"
                        />
                      </svg>
                    </div>
                  </div>
                  <div
                    aria-colindex="3"
                    aria-label="Clients"
                    aria-sort="none"
                    class="MuiDataGrid-columnHeader"
                    data-field="clients"
                    role="columnheader"
                    style="height: 56px; width: 0px; min-width: 0; max-width: 0;"
                    tabindex="-1"
                  >
                    <div
                      class="MuiDataGrid-columnHeaderDraggableContainer"
                      draggable="false"
                    >
                      <div
                        class="MuiDataGrid-columnHeaderTitleContainer"
                      >
                        <div
                          class="MuiDataGrid-columnHeaderTitleContainerContent"
                        >
                          <div
                            aria-label=""
                            class="MuiDataGrid-columnHeaderTitle css-1jbbcbn-MuiDataGrid-columnHeaderTitle"
                            data-mui-internal-clone-element="true"
                          >
                            Clients
                          </div>
                        </div>
                      </div>
                    </div>
                    <div
                      class="MuiDataGrid-columnSeparator MuiDataGrid-columnSeparator--sideRight"
                      style="min-height: 56px; opacity: 1;"
                    >
                      <svg
                        aria-hidden="true"
                        class="MuiSvgIcon-root MuiSvgIcon-fontSizeMedium MuiDataGrid-iconSeparator css-i4bv87-MuiSvgIcon-root"
                        data-testid="SeparatorIcon"
                        focusable="false"
                        viewBox="0 0 24 24"
                      >
                        <path
                          d="M11 19V5h2v14z"
                        />
                      </svg>
                    </div>
                  </div>
                </div>
              </div>
            </div>
            <div
              style="overflow: visible; height: 0px; width: 0px;"
            >
              <div
                class="MuiDataGrid-virtualScroller css-1w5m2wr-MuiDataGrid-virtualScroller"
                style="width: 0px; height: auto; margin-top: 56px; overflow-x: hidden;"
              >
                <div
                  class="MuiDataGrid-virtualScrollerContent MuiDataGrid-virtualScrollerContent--overflowed css-1kwdphh-MuiDataGrid-virtualScrollerContent"
                  style="width: auto; height: 364px; min-height: auto;"
                >
                  <div
                    class="MuiDataGrid-virtualScrollerRenderZone css-s1v7zr-MuiDataGrid-virtualScrollerRenderZone"
                    style="transform: translate3d(0px, 0px, 0px);"
                  >
                    <div
                      aria-rowindex="2"
                      aria-selected="false"
                      class="MuiDataGrid-row"
                      data-id="TSP_s_instance"
                      data-rowindex="0"
                      role="row"
                      style="max-height: 52px; min-height: 52px;"
                    >
                      <div
                        aria-colindex="1"
                        aria-colspan="1"
                        class="MuiDataGrid-cell MuiDataGrid-cell--textLeft"
                        data-colindex="0"
                        data-field="class"
                        role="cell"
                        style="min-width: 100px; max-width: 100px; min-height: 52px; max-height: 52px;"
                        tabindex="-1"
                      >
                        <div
                          class="MuiDataGrid-cellContent"
                        >
                          TSP
                        </div>
                      </div>
                      <div
                        aria-colindex="2"
                        aria-colspan="1"
                        class="MuiDataGrid-cell--withRenderer MuiDataGrid-cell MuiDataGrid-cell--textLeft"
                        data-colindex="1"
                        data-field="instance"
                        role="cell"
                        style="min-width: 180px; max-width: 180px; min-height: 52px; max-height: 52px;"
                        tabindex="-1"
                      >
                        <a
                          href="/classes/TSP/instances/s_instance"
                        >
                          s_instance
                        </a>
                      </div>
                      <div
                        aria-colindex="3"
                        aria-colspan="1"
                        class="MuiDataGrid-cell--withRenderer MuiDataGrid-cell MuiDataGrid-cell--textLeft"
                        data-colindex="2"
                        data-field="clients"
                        role="cell"
                        style="min-width: 0; max-width: 0; min-height: 52px; max-height: 52px;"
                        tabindex="-1"
                      >
                        <div
                          style="margin-right: 10px;"
                        >
                          <a
                            class="css-1o7gueb"
                            href="/clients/a_client"
                          >
                            a_client
                          </a>
                        </div>
                        <div
                          style="margin-right: 10px;"
                        >
                          <a
                            class="css-gqb4bp"
                            href="/clients/b_client"
                          >
                            b_client
                          </a>
                        </div>
                        <div
                          style="margin-right: 10px;"
                        >
                          <a
                            class="css-196ffja"
                            href="/clients/c_client"
                          >
                            c_client
                          </a>
                        </div>
                        <div
                          style="margin-right: 10px;"
                        >
                          <a
                            class="css-14frf9o"
                            href="/clients/d_client"
                          >
                            d_client
                          </a>
                        </div>
                        <div
                          style="margin-right: 10px;"
                        >
                          <a
                            class="css-tudjox"
                            href="/clients/e_client"
                          >
                            e_client
                          </a>
                        </div>
                      </div>
                    </div>
                    <div
                      aria-rowindex="3"
                      aria-selected="false"
                      class="MuiDataGrid-row"
                      data-id="TSP_t_instance"
                      data-rowindex="1"
                      role="row"
                      style="max-height: 52px; min-height: 52px;"
                    >
                      <div
                        aria-colindex="1"
                        aria-colspan="1"
                        class="MuiDataGrid-cell MuiDataGrid-cell--textLeft"
                        data-colindex="0"
                        data-field="class"
                        role="cell"
                        style="min-width: 100px; max-width: 100px; min-height: 52px; max-height: 52px;"
                        tabindex="-1"
                      >
                        <div
                          class="MuiDataGrid-cellContent"
                        >
                          TSP
                        </div>
                      </div>
                      <div
                        aria-colindex="2"
                        aria-colspan="1"
                        class="MuiDataGrid-cell--withRenderer MuiDataGrid-cell MuiDataGrid-cell--textLeft"
                        data-colindex="1"
                        data-field="instance"
                        role="cell"
                        style="min-width: 180px; max-width: 180px; min-height: 52px; max-height: 52px;"
                        tabindex="-1"
                      >
                        <a
                          href="/classes/TSP/instances/t_instance"
                        >
                          t_instance
                        </a>
                      </div>
                      <div
                        aria-colindex="3"
                        aria-colspan="1"
                        class="MuiDataGrid-cell--withRenderer MuiDataGrid-cell MuiDataGrid-cell--textLeft"
                        data-colindex="2"
                        data-field="clients"
                        role="cell"
                        style="min-width: 0; max-width: 0; min-height: 52px; max-height: 52px;"
                        tabindex="-1"
                      >
                        <div
                          style="margin-right: 10px;"
                        >
                          <a
                            class="css-1o7gueb"
                            href="/clients/a_client"
                          >
                            a_client
                          </a>
                        </div>
                        <div
                          style="margin-right: 10px;"
                        >
                          <a
                            class="css-gqb4bp"
                            href="/clients/b_client"
                          >
                            b_client
                          </a>
                        </div>
                        <div
                          style="margin-right: 10px;"
                        >
                          <a
                            class="css-14frf9o"
                            href="/clients/d_client"
                          >
                            d_client
                          </a>
                        </div>
                        <div
                          style="margin-right: 10px;"
                        >
                          <a
                            class="css-tudjox"
                            href="/clients/e_client"
                          >
                            e_client
                          </a>
                        </div>
                      </div>
                    </div>
                    <div
                      aria-rowindex="4"
                      aria-selected="false"
                      class="MuiDataGrid-row"
                      data-id="QAP_u_instance"
                      data-rowindex="2"
                      role="row"
                      style="max-height: 52px; min-height: 52px;"
                    >
                      <div
                        aria-colindex="1"
                        aria-colspan="1"
                        class="MuiDataGrid-cell MuiDataGrid-cell--textLeft"
                        data-colindex="0"
                        data-field="class"
                        role="cell"
                        style="min-width: 100px; max-width: 100px; min-height: 52px; max-height: 52px;"
                        tabindex="-1"
                      >
                        <div
                          class="MuiDataGrid-cellContent"
                        >
                          QAP
                        </div>
                      </div>
                      <div
                        aria-colindex="2"
                        aria-colspan="1"
                        class="MuiDataGrid-cell--withRenderer MuiDataGrid-cell MuiDataGrid-cell--textLeft"
                        data-colindex="1"
                        data-field="instance"
                        role="cell"
                        style="min-width: 180px; max-width: 180px; min-height: 52px; max-height: 52px;"
                        tabindex="-1"
                      >
                        <a
                          href="/classes/QAP/instances/u_instance"
                        >
                          u_instance
                        </a>
                      </div>
                      <div
                        aria-colindex="3"
                        aria-colspan="1"
                        class="MuiDataGrid-cell--withRenderer MuiDataGrid-cell MuiDataGrid-cell--textLeft"
                        data-colindex="2"
                        data-field="clients"
                        role="cell"
                        style="min-width: 0; max-width: 0; min-height: 52px; max-height: 52px;"
                        tabindex="-1"
                      >
                        <div
                          style="margin-right: 10px;"
                        >
                          <a
                            class="css-1o7gueb"
                            href="/clients/a_client"
                          >
                            a_client
                          </a>
                        </div>
                        <div
                          style="margin-right: 10px;"
                        >
                          <a
                            class="css-196ffja"
                            href="/clients/c_client"
                          >
                            c_client
                          </a>
                        </div>
                        <div
                          style="margin-right: 10px;"
                        >
                          <a
                            class="css-14frf9o"
                            href="/clients/d_client"
                          >
                            d_client
                          </a>
                        </div>
                      </div>
                    </div>
                  </div>
                </div>
              </div>
            </div>
            <div
              class="Mui-resizeTriggers"
            >
              <div
                class="expand-trigger"
              >
                <div
                  style="width: 1px; height: 1px;"
                />
              </div>
              <div
                class="contract-trigger"
              />
            </div>
          </div>
        </div>
      </div>
    </div>
  </div>
</div>
`;
