// Jest Snapshot v1, https://goo.gl/fbAQLP

exports[`<LinkButton /> Rendered well 1`] = `
<div>
  <a
    class="css-km1vak"
    href="/clients/a_client"
  >
    a_client
  </a>
</div>
`;
