// Jest Snapshot v1, https://goo.gl/fbAQLP

exports[`<MasterResultTable /> Rendered well 1`] = `
<div>
  <div
    aria-colcount="13"
    aria-multiselectable="false"
    aria-rowcount="5"
    class="MuiDataGrid-root MuiDataGrid-root--densityStandard css-15i6hkc-MuiDataGrid-root"
    role="grid"
  >
    <div>
      <div />
    </div>
    <div
      class="MuiDataGrid-main css-204u17-MuiDataGrid-main"
    >
      <div
        class="MuiDataGrid-columnHeaders css-f3jnds-MuiDataGrid-columnHeaders"
        style="min-height: 112px; max-height: 112px; line-height: 56px;"
      >
        <div
          class="MuiDataGrid-columnHeadersInner MuiDataGrid-columnHeadersInner--scrollable css-gl260s-MuiDataGrid-columnHeadersInner"
          role="rowgroup"
          style="transform: translate3d(0px, 0px, 0px);"
        >
          <div
            aria-rowindex="1"
            class="css-yrdy0g-MuiDataGrid-columnHeaderRow"
            role="row"
            style="height: 56px; transform: translateX(-0px);"
          >
            <div
              aria-colindex="1"
              aria-colspan="8"
              aria-label="Basic information"
              aria-sort="none"
              class="MuiDataGrid-columnHeader MuiDataGrid-columnHeader--filledGroup"
              data-fields="|-problem_class-|-problem_instance-|-client_name-|-client_version-|-setting_time-|-num_samples-|-num_feasibles-|-num_reach_best-|"
              role="columnheader"
              style="height: 56px; width: 1080px; min-width: 1080px; max-width: 1080px;"
              tabindex="-1"
            >
              <div
                class="MuiDataGrid-columnHeaderDraggableContainer"
                draggable="false"
              >
                <div
                  class="MuiDataGrid-columnHeaderTitleContainer"
                >
                  <div
                    class="MuiDataGrid-columnHeaderTitleContainerContent"
                  >
                    <div
                      aria-label=""
                      class="MuiDataGrid-columnHeaderTitle css-1jbbcbn-MuiDataGrid-columnHeaderTitle"
                      data-mui-internal-clone-element="true"
                    >
                      Basic information
                    </div>
                  </div>
                </div>
              </div>
            </div>
          </div>
          <div
            aria-rowindex="2"
            class="css-yrdy0g-MuiDataGrid-columnHeaderRow"
            role="row"
          >
            <div
              aria-colindex="1"
              aria-label="Problem class"
              aria-sort="none"
              class="MuiDataGrid-columnHeader"
              data-field="problem_class"
              role="columnheader"
              style="height: 56px; width: 120px; min-width: 120px; max-width: 120px;"
              tabindex="0"
            >
              <div
                class="MuiDataGrid-columnHeaderDraggableContainer"
                draggable="false"
              >
                <div
                  class="MuiDataGrid-columnHeaderTitleContainer"
                >
                  <div
                    class="MuiDataGrid-columnHeaderTitleContainerContent"
                  >
                    <div
                      aria-label=""
                      class="MuiDataGrid-columnHeaderTitle css-1jbbcbn-MuiDataGrid-columnHeaderTitle"
                      data-mui-internal-clone-element="true"
                    >
                      Problem class
                    </div>
                  </div>
                </div>
              </div>
              <div
                class="MuiDataGrid-columnSeparator MuiDataGrid-columnSeparator--sideRight"
                style="min-height: 56px; opacity: 1;"
              >
                <svg
                  aria-hidden="true"
                  class="MuiSvgIcon-root MuiSvgIcon-fontSizeMedium MuiDataGrid-iconSeparator css-i4bv87-MuiSvgIcon-root"
                  data-testid="SeparatorIcon"
                  focusable="false"
                  viewBox="0 0 24 24"
                >
                  <path
                    d="M11 19V5h2v14z"
                  />
                </svg>
              </div>
            </div>
            <div
              aria-colindex="2"
              aria-label="Problem instance"
              aria-sort="none"
              class="MuiDataGrid-columnHeader"
              data-field="problem_instance"
              role="columnheader"
              style="height: 56px; width: 140px; min-width: 140px; max-width: 140px;"
              tabindex="-1"
            >
              <div
                class="MuiDataGrid-columnHeaderDraggableContainer"
                draggable="false"
              >
                <div
                  class="MuiDataGrid-columnHeaderTitleContainer"
                >
                  <div
                    class="MuiDataGrid-columnHeaderTitleContainerContent"
                  >
                    <div
                      aria-label=""
                      class="MuiDataGrid-columnHeaderTitle css-1jbbcbn-MuiDataGrid-columnHeaderTitle"
                      data-mui-internal-clone-element="true"
                    >
                      Problem instance
                    </div>
                  </div>
                </div>
              </div>
              <div
                class="MuiDataGrid-columnSeparator MuiDataGrid-columnSeparator--sideRight"
                style="min-height: 56px; opacity: 1;"
              >
                <svg
                  aria-hidden="true"
                  class="MuiSvgIcon-root MuiSvgIcon-fontSizeMedium MuiDataGrid-iconSeparator css-i4bv87-MuiSvgIcon-root"
                  data-testid="SeparatorIcon"
                  focusable="false"
                  viewBox="0 0 24 24"
                >
                  <path
                    d="M11 19V5h2v14z"
                  />
                </svg>
              </div>
            </div>
            <div
              aria-colindex="3"
              aria-label="Client name"
              aria-sort="none"
              class="MuiDataGrid-columnHeader"
              data-field="client_name"
              role="columnheader"
              style="height: 56px; width: 120px; min-width: 120px; max-width: 120px;"
              tabindex="-1"
            >
              <div
                class="MuiDataGrid-columnHeaderDraggableContainer"
                draggable="false"
              >
                <div
                  class="MuiDataGrid-columnHeaderTitleContainer"
                >
                  <div
                    class="MuiDataGrid-columnHeaderTitleContainerContent"
                  >
                    <div
                      aria-label=""
                      class="MuiDataGrid-columnHeaderTitle css-1jbbcbn-MuiDataGrid-columnHeaderTitle"
                      data-mui-internal-clone-element="true"
                    >
                      Client name
                    </div>
                  </div>
                </div>
              </div>
              <div
                class="MuiDataGrid-columnSeparator MuiDataGrid-columnSeparator--sideRight"
                style="min-height: 56px; opacity: 1;"
              >
                <svg
                  aria-hidden="true"
                  class="MuiSvgIcon-root MuiSvgIcon-fontSizeMedium MuiDataGrid-iconSeparator css-i4bv87-MuiSvgIcon-root"
                  data-testid="SeparatorIcon"
                  focusable="false"
                  viewBox="0 0 24 24"
                >
                  <path
                    d="M11 19V5h2v14z"
                  />
                </svg>
              </div>
            </div>
          </div>
        </div>
      </div>
      <div
        style="overflow: visible; height: 0px; width: 0px;"
      >
        <div
          class="MuiDataGrid-virtualScroller css-1w5m2wr-MuiDataGrid-virtualScroller"
          style="width: 0px; height: auto; margin-top: 112px; overflow-x: hidden;"
        >
          <div
            class="MuiDataGrid-virtualScrollerContent MuiDataGrid-virtualScrollerContent--overflowed css-1kwdphh-MuiDataGrid-virtualScrollerContent"
            style="width: auto; height: 156px; min-height: auto;"
          >
            <div
              class="MuiDataGrid-virtualScrollerRenderZone css-s1v7zr-MuiDataGrid-virtualScrollerRenderZone"
              style="transform: translate3d(0px, 0px, 0px);"
            >
              <div
                aria-rowindex="3"
                aria-selected="false"
                class="MuiDataGrid-row"
                data-id="0-hhhhhhhhhhhhhhhhhhhhhhhhhh"
                data-rowindex="0"
                role="row"
                style="max-height: 52px; min-height: 52px;"
              >
                <div
                  aria-colindex="1"
                  aria-colspan="1"
                  class="MuiDataGrid-cell--withRenderer MuiDataGrid-cell MuiDataGrid-cell--textLeft"
                  data-colindex="0"
                  data-field="problem_class"
                  role="cell"
                  style="min-width: 120px; max-width: 120px; min-height: 52px; max-height: 52px;"
                  tabindex="-1"
                >
                  <span
                    class=""
                    data-mui-internal-clone-element="true"
                  >
                    abc
                  </span>
                </div>
                <div
                  aria-colindex="2"
                  aria-colspan="1"
                  class="MuiDataGrid-cell--withRenderer MuiDataGrid-cell MuiDataGrid-cell--textLeft"
                  data-colindex="1"
                  data-field="problem_instance"
                  role="cell"
                  style="min-width: 140px; max-width: 140px; min-height: 52px; max-height: 52px;"
                  tabindex="-1"
                >
                  <span
                    class=""
                    data-mui-internal-clone-element="true"
                  >
                    b_instance
                  </span>
                </div>
                <div
                  aria-colindex="3"
                  aria-colspan="1"
                  class="MuiDataGrid-cell--withRenderer MuiDataGrid-cell MuiDataGrid-cell--textLeft"
                  data-colindex="2"
                  data-field="client_name"
                  role="cell"
                  style="min-width: 120px; max-width: 120px; min-height: 52px; max-height: 52px;"
                  tabindex="-1"
                >
                  <span
                    class=""
                    data-mui-internal-clone-element="true"
                  >
                    AClient
                  </span>
                </div>
              </div>
              <div
                aria-rowindex="4"
                aria-selected="false"
                class="MuiDataGrid-row"
                data-id="0-eeeeeeeeeeeeeeeeeeeeeeeeee"
                data-rowindex="1"
                role="row"
                style="max-height: 52px; min-height: 52px;"
              >
                <div
                  aria-colindex="1"
                  aria-colspan="1"
                  class="MuiDataGrid-cell--withRenderer MuiDataGrid-cell MuiDataGrid-cell--textLeft"
                  data-colindex="0"
                  data-field="problem_class"
                  role="cell"
                  style="min-width: 120px; max-width: 120px; min-height: 52px; max-height: 52px;"
                  tabindex="-1"
                >
                  <span
                    class=""
                    data-mui-internal-clone-element="true"
                  >
                    Tsp
                  </span>
                </div>
                <div
                  aria-colindex="2"
                  aria-colspan="1"
                  class="MuiDataGrid-cell--withRenderer MuiDataGrid-cell MuiDataGrid-cell--textLeft"
                  data-colindex="1"
                  data-field="problem_instance"
                  role="cell"
                  style="min-width: 140px; max-width: 140px; min-height: 52px; max-height: 52px;"
                  tabindex="-1"
                >
                  <span
                    class=""
                    data-mui-internal-clone-element="true"
                  >
                    b_instance
                  </span>
                </div>
                <div
                  aria-colindex="3"
                  aria-colspan="1"
                  class="MuiDataGrid-cell--withRenderer MuiDataGrid-cell MuiDataGrid-cell--textLeft"
                  data-colindex="2"
                  data-field="client_name"
                  role="cell"
                  style="min-width: 120px; max-width: 120px; min-height: 52px; max-height: 52px;"
                  tabindex="-1"
                >
                  <span
                    class=""
                    data-mui-internal-clone-element="true"
                  >
                    a_client
                  </span>
                </div>
              </div>
              <div
                aria-rowindex="5"
                aria-selected="false"
                class="MuiDataGrid-row MuiDataGrid-row--lastVisible"
                data-id="0-aaaaaaaaaaaaaaaaaaaaaaaaaaaaaa"
                data-rowindex="2"
                role="row"
                style="max-height: 52px; min-height: 52px;"
              >
                <div
                  aria-colindex="1"
                  aria-colspan="1"
                  class="MuiDataGrid-cell--withRenderer MuiDataGrid-cell MuiDataGrid-cell--textLeft"
                  data-colindex="0"
                  data-field="problem_class"
                  role="cell"
                  style="min-width: 120px; max-width: 120px; min-height: 52px; max-height: 52px;"
                  tabindex="-1"
                >
                  <span
                    class=""
                    data-mui-internal-clone-element="true"
                  >
                    Tsp
                  </span>
                </div>
                <div
                  aria-colindex="2"
                  aria-colspan="1"
                  class="MuiDataGrid-cell--withRenderer MuiDataGrid-cell MuiDataGrid-cell--textLeft"
                  data-colindex="1"
                  data-field="problem_instance"
                  role="cell"
                  style="min-width: 140px; max-width: 140px; min-height: 52px; max-height: 52px;"
                  tabindex="-1"
                >
                  <span
                    class=""
                    data-mui-internal-clone-element="true"
                  >
                    r_instance
                  </span>
                </div>
                <div
                  aria-colindex="3"
                  aria-colspan="1"
                  class="MuiDataGrid-cell--withRenderer MuiDataGrid-cell MuiDataGrid-cell--textLeft"
                  data-colindex="2"
                  data-field="client_name"
                  role="cell"
                  style="min-width: 120px; max-width: 120px; min-height: 52px; max-height: 52px;"
                  tabindex="-1"
                >
                  <span
                    class=""
                    data-mui-internal-clone-element="true"
                  >
                    a_client
                  </span>
                </div>
              </div>
            </div>
          </div>
        </div>
      </div>
      <div
        class="Mui-resizeTriggers"
      >
        <div
          class="expand-trigger"
        >
          <div
            style="width: 1px; height: 1px;"
          />
        </div>
        <div
          class="contract-trigger"
        />
      </div>
    </div>
  </div>
</div>
`;
