// Jest Snapshot v1, https://goo.gl/fbAQLP

exports[`<App /> renders well with data 1`] = `
<div>
  <div
    class="MuiBox-root css-thz6x0"
  >
    <header
      class="MuiPaper-root MuiPaper-elevation MuiPaper-elevation0 MuiAppBar-root MuiAppBar-colorPrimary MuiAppBar-positionFixed mui-fixed css-z80fak-MuiPaper-root-MuiAppBar-root"
    >
      <div
        class="MuiToolbar-root MuiToolbar-gutters MuiToolbar-regular css-1r339ym-MuiToolbar-root"
      >
        <div
          class="css-yp9swi"
        >
          <a
            class="css-94l1l1"
            href="/"
          >
            <h6
              class="MuiTypography-root MuiTypography-h6 MuiTypography-noWrap css-19sbe58-MuiTypography-root"
            >
              Annealing Benchmark
            </h6>
          </a>
        </div>
        <nav
          class="css-ov1ktg"
        >
          <a
            class="css-94l1l1"
            href="/"
          >
            <p
              class="MuiTypography-root MuiTypography-body1 css-4hrd4f-MuiTypography-root"
            >
              Problems
            </p>
          </a>
          <a
            class="css-94l1l1"
            href="/clients"
          >
            <p
              class="MuiTypography-root MuiTypography-body1 css-muv6ew-MuiTypography-root"
            >
              Clients
            </p>
          </a>
          <a
            class="css-94l1l1"
            href="/labels"
          >
            <p
              class="MuiTypography-root MuiTypography-body1 css-muv6ew-MuiTypography-root"
            >
              Label
            </p>
          </a>
        </nav>
      </div>
    </header>
    <div
      class="MuiBox-root css-1cf7osc"
    >
      <div
        class="MuiToolbar-root MuiToolbar-gutters MuiToolbar-regular css-hyum1k-MuiToolbar-root"
      />
      <div
        class="MuiBox-root css-0"
      >
        <div
          class="MuiGrid-root MuiGrid-item MuiGrid-grid-xs-12 css-15h1z56-MuiGrid-root"
        >
          <h2
            class="MuiTypography-root MuiTypography-h2 css-1p54r94-MuiTypography-root"
          >
            Problem List
          </h2>
        </div>
      </div>
      <div
        class="MuiBox-root css-13pmxen"
      >
        <div
          aria-colcount="3"
          aria-multiselectable="false"
          aria-rowcount="6"
          class="MuiDataGrid-root MuiDataGrid-root--densityStandard MuiDataGrid-withBorderColor css-1in0i7x-MuiDataGrid-root"
          role="grid"
        >
          <div
            class="MuiDataGrid-main css-204u17-MuiDataGrid-main"
          >
            <div
              class="MuiDataGrid-columnHeaders MuiDataGrid-withBorderColor css-1iyq7zh-MuiDataGrid-columnHeaders"
              role="presentation"
              style="min-height: 56px; max-height: 56px; line-height: 56px;"
            >
              <div
                class="MuiDataGrid-columnHeadersInner MuiDataGrid-columnHeadersInner--scrollable css-gl260s-MuiDataGrid-columnHeadersInner"
                role="rowgroup"
                style="transform: translate3d(0px, 0px, 0px);"
              >
                <div
                  aria-rowindex="1"
                  class="css-yrdy0g-MuiDataGrid-columnHeaderRow"
                  role="row"
                >
                  <div
                    aria-colindex="1"
                    aria-label="Class"
                    aria-sort="none"
                    class="MuiDataGrid-columnHeader MuiDataGrid-withBorderColor"
                    data-field="class"
                    role="columnheader"
                    style="height: 56px; width: 180px; min-width: 180px; max-width: 180px;"
                    tabindex="0"
                  >
                    <div
                      class="MuiDataGrid-columnHeaderDraggableContainer"
                      draggable="false"
                      role="presentation"
                    >
                      <div
                        class="MuiDataGrid-columnHeaderTitleContainer"
                        role="presentation"
                      >
                        <div
                          class="MuiDataGrid-columnHeaderTitleContainerContent"
                        >
                          <div
                            aria-label=""
                            class="MuiDataGrid-columnHeaderTitle css-t89xny-MuiDataGrid-columnHeaderTitle"
                            data-mui-internal-clone-element="true"
                          >
                            Class
                          </div>
                        </div>
                      </div>
                    </div>
                    <div
                      class="MuiDataGrid-columnSeparator MuiDataGrid-columnSeparator--sideRight"
                      style="min-height: 56px; opacity: 1;"
                    >
                      <svg
                        aria-hidden="true"
                        class="MuiSvgIcon-root MuiSvgIcon-fontSizeMedium MuiDataGrid-iconSeparator css-i4bv87-MuiSvgIcon-root"
                        data-testid="SeparatorIcon"
                        focusable="false"
                        viewBox="0 0 24 24"
                      >
                        <path
                          d="M11 19V5h2v14z"
                        />
                      </svg>
                    </div>
                  </div>
                  <div
                    aria-colindex="2"
                    aria-label="Instance"
                    aria-sort="none"
                    class="MuiDataGrid-columnHeader MuiDataGrid-withBorderColor"
                    data-field="instance"
                    role="columnheader"
                    style="height: 56px; width: 180px; min-width: 180px; max-width: 180px;"
                    tabindex="-1"
                  >
                    <div
                      class="MuiDataGrid-columnHeaderDraggableContainer"
                      draggable="false"
                      role="presentation"
                    >
                      <div
                        class="MuiDataGrid-columnHeaderTitleContainer"
                        role="presentation"
                      >
                        <div
                          class="MuiDataGrid-columnHeaderTitleContainerContent"
                        >
                          <div
                            aria-label=""
                            class="MuiDataGrid-columnHeaderTitle css-t89xny-MuiDataGrid-columnHeaderTitle"
                            data-mui-internal-clone-element="true"
                          >
                            Instance
                          </div>
                        </div>
                      </div>
                    </div>
                    <div
                      class="MuiDataGrid-columnSeparator MuiDataGrid-columnSeparator--sideRight"
                      style="min-height: 56px; opacity: 1;"
                    >
                      <svg
                        aria-hidden="true"
                        class="MuiSvgIcon-root MuiSvgIcon-fontSizeMedium MuiDataGrid-iconSeparator css-i4bv87-MuiSvgIcon-root"
                        data-testid="SeparatorIcon"
                        focusable="false"
                        viewBox="0 0 24 24"
                      >
                        <path
                          d="M11 19V5h2v14z"
                        />
                      </svg>
                    </div>
                  </div>
                  <div
                    aria-colindex="3"
                    aria-label="Clients"
                    aria-sort="none"
                    class="MuiDataGrid-columnHeader MuiDataGrid-withBorderColor"
                    data-field="clients"
                    role="columnheader"
                    style="height: 56px; width: 0px; min-width: 0; max-width: 0;"
                    tabindex="-1"
                  >
                    <div
                      class="MuiDataGrid-columnHeaderDraggableContainer"
                      draggable="false"
                      role="presentation"
                    >
                      <div
                        class="MuiDataGrid-columnHeaderTitleContainer"
                        role="presentation"
                      >
                        <div
                          class="MuiDataGrid-columnHeaderTitleContainerContent"
                        >
                          <div
                            aria-label=""
                            class="MuiDataGrid-columnHeaderTitle css-t89xny-MuiDataGrid-columnHeaderTitle"
                            data-mui-internal-clone-element="true"
                          >
                            Clients
                          </div>
                        </div>
                      </div>
                    </div>
                    <div
                      class="MuiDataGrid-columnSeparator MuiDataGrid-columnSeparator--sideRight"
                      style="min-height: 56px; opacity: 1;"
                    >
                      <svg
                        aria-hidden="true"
                        class="MuiSvgIcon-root MuiSvgIcon-fontSizeMedium MuiDataGrid-iconSeparator css-i4bv87-MuiSvgIcon-root"
                        data-testid="SeparatorIcon"
                        focusable="false"
                        viewBox="0 0 24 24"
                      >
                        <path
                          d="M11 19V5h2v14z"
                        />
                      </svg>
                    </div>
                  </div>
                </div>
              </div>
            </div>
            <div
              class="MuiDataGrid-virtualScroller css-axafay-MuiDataGrid-virtualScroller"
              role="presentation"
              style="overflow-x: hidden;"
            >
              <div
                class="MuiDataGrid-virtualScrollerContent MuiDataGrid-virtualScrollerContent--overflowed css-1kwdphh-MuiDataGrid-virtualScrollerContent"
                role="presentation"
                style="width: auto; height: 260px; min-height: auto;"
              >
                <div
                  class="MuiDataGrid-virtualScrollerRenderZone css-s1v7zr-MuiDataGrid-virtualScrollerRenderZone"
                  role="rowgroup"
                  style="transform: translate3d(0px, 0px, 0px);"
                >
                  <div
                    aria-rowindex="2"
                    aria-selected="false"
                    class="MuiDataGrid-row"
                    data-id="Tsp_a_instance"
                    data-rowindex="0"
                    role="row"
                    style="max-height: 52px; min-height: 52px;"
                  >
                    <div
                      aria-colindex="1"
                      aria-colspan="1"
                      class="MuiDataGrid-cell MuiDataGrid-cell--textLeft MuiDataGrid-withBorderColor"
                      data-colindex="0"
                      data-field="class"
                      role="cell"
                      style="min-width: 180px; max-width: 180px; min-height: 52px; max-height: 52px;"
                      tabindex="-1"
                    >
                      <div
                        class="MuiDataGrid-cellContent"
                        role="presentation"
                        title="Tsp"
                      >
                        Tsp
                      </div>
                    </div>
                    <div
                      aria-colindex="2"
                      aria-colspan="1"
                      class="MuiDataGrid-cell--withRenderer MuiDataGrid-cell MuiDataGrid-cell--textLeft MuiDataGrid-withBorderColor"
                      data-colindex="1"
                      data-field="instance"
                      role="cell"
                      style="min-width: 180px; max-width: 180px; min-height: 52px; max-height: 52px;"
                      tabindex="-1"
                    >
                      <a
                        href="/classes/Tsp/instances/a_instance"
                      >
                        a_instance
                      </a>
                    </div>
                    <div
                      aria-colindex="3"
                      aria-colspan="1"
                      class="MuiDataGrid-cell--withRenderer MuiDataGrid-cell MuiDataGrid-cell--textLeft MuiDataGrid-withBorderColor"
                      data-colindex="2"
                      data-field="clients"
                      role="cell"
                      style="min-width: 0; max-width: 0; min-height: 52px; max-height: 52px;"
                      tabindex="-1"
                    >
                      <div
                        style="margin-right: 10px;"
                      >
                        <a
                          class="css-1o7gueb"
                          href="/clients/a_client"
                        >
                          a_client
                        </a>
                      </div>
                    </div>
                  </div>
                  <div
                    aria-rowindex="3"
                    aria-selected="false"
                    class="MuiDataGrid-row"
                    data-id="Tsp_b_instance"
                    data-rowindex="1"
                    role="row"
                    style="max-height: 52px; min-height: 52px;"
                  >
                    <div
                      aria-colindex="1"
                      aria-colspan="1"
                      class="MuiDataGrid-cell MuiDataGrid-cell--textLeft MuiDataGrid-withBorderColor"
                      data-colindex="0"
                      data-field="class"
                      role="cell"
                      style="min-width: 180px; max-width: 180px; min-height: 52px; max-height: 52px;"
                      tabindex="-1"
                    >
                      <div
                        class="MuiDataGrid-cellContent"
                        role="presentation"
                        title="Tsp"
                      >
                        Tsp
                      </div>
                    </div>
                    <div
                      aria-colindex="2"
                      aria-colspan="1"
                      class="MuiDataGrid-cell--withRenderer MuiDataGrid-cell MuiDataGrid-cell--textLeft MuiDataGrid-withBorderColor"
                      data-colindex="1"
                      data-field="instance"
                      role="cell"
                      style="min-width: 180px; max-width: 180px; min-height: 52px; max-height: 52px;"
                      tabindex="-1"
                    >
                      <a
                        href="/classes/Tsp/instances/b_instance"
                      >
                        b_instance
                      </a>
                    </div>
                    <div
                      aria-colindex="3"
                      aria-colspan="1"
                      class="MuiDataGrid-cell--withRenderer MuiDataGrid-cell MuiDataGrid-cell--textLeft MuiDataGrid-withBorderColor"
                      data-colindex="2"
                      data-field="clients"
                      role="cell"
                      style="min-width: 0; max-width: 0; min-height: 52px; max-height: 52px;"
                      tabindex="-1"
                    >
                      <div
                        style="margin-right: 10px;"
                      >
                        <a
                          class="css-1o7gueb"
                          href="/clients/a_client"
                        >
                          a_client
                        </a>
                      </div>
                    </div>
                  </div>
                  <div
                    aria-rowindex="4"
                    aria-selected="false"
                    class="MuiDataGrid-row"
                    data-id="Tsp_h_instance"
                    data-rowindex="2"
                    role="row"
                    style="max-height: 52px; min-height: 52px;"
                  >
                    <div
                      aria-colindex="1"
                      aria-colspan="1"
                      class="MuiDataGrid-cell MuiDataGrid-cell--textLeft MuiDataGrid-withBorderColor"
                      data-colindex="0"
                      data-field="class"
                      role="cell"
                      style="min-width: 180px; max-width: 180px; min-height: 52px; max-height: 52px;"
                      tabindex="-1"
                    >
                      <div
                        class="MuiDataGrid-cellContent"
                        role="presentation"
                        title="Tsp"
                      >
                        Tsp
                      </div>
                    </div>
                    <div
                      aria-colindex="2"
                      aria-colspan="1"
                      class="MuiDataGrid-cell--withRenderer MuiDataGrid-cell MuiDataGrid-cell--textLeft MuiDataGrid-withBorderColor"
                      data-colindex="1"
                      data-field="instance"
                      role="cell"
                      style="min-width: 180px; max-width: 180px; min-height: 52px; max-height: 52px;"
                      tabindex="-1"
                    >
                      <a
                        href="/classes/Tsp/instances/h_instance"
                      >
                        h_instance
                      </a>
                    </div>
                    <div
                      aria-colindex="3"
                      aria-colspan="1"
                      class="MuiDataGrid-cell--withRenderer MuiDataGrid-cell MuiDataGrid-cell--textLeft MuiDataGrid-withBorderColor"
                      data-colindex="2"
                      data-field="clients"
                      role="cell"
                      style="min-width: 0; max-width: 0; min-height: 52px; max-height: 52px;"
                      tabindex="-1"
                    >
                      <div
                        style="margin-right: 10px;"
                      >
                        <a
                          class="css-gqb4bp"
                          href="/clients/f_client"
                        >
                          f_client
                        </a>
                      </div>
                    </div>
                  </div>
                </div>
              </div>
            </div>
          </div>
          <div
            class="MuiDataGrid-footerContainer MuiDataGrid-withBorderColor css-wop1k0-MuiDataGrid-footerContainer"
          >
            <div />
            <div
              class="MuiTablePagination-root css-rtrcn9-MuiTablePagination-root"
            >
              <div
                class="MuiToolbar-root MuiToolbar-gutters MuiToolbar-regular MuiTablePagination-toolbar css-78c6dr-MuiToolbar-root-MuiTablePagination-toolbar"
              >
                <div
                  class="MuiTablePagination-spacer css-1psng7p-MuiTablePagination-spacer"
                />
                <p
                  class="MuiTablePagination-selectLabel css-pdct74-MuiTablePagination-selectLabel"
                  id=":r1:"
                >
                  Rows per page:
                </p>
                <div
                  class="MuiInputBase-root MuiInputBase-colorPrimary MuiTablePagination-input css-16c50h-MuiInputBase-root-MuiTablePagination-select"
                >
                  <div
                    aria-expanded="false"
                    aria-haspopup="listbox"
                    aria-labelledby=":r1: :r0:"
                    class="MuiSelect-select MuiTablePagination-select MuiSelect-standard MuiInputBase-input css-194a1fa-MuiSelect-select-MuiInputBase-input"
                    id=":r0:"
                    role="button"
                    tabindex="0"
                  >
                    100
                  </div>
                  <input
                    aria-hidden="true"
                    aria-invalid="false"
                    class="MuiSelect-nativeInput css-yf8vq0-MuiSelect-nativeInput"
                    tabindex="-1"
                    value="100"
                  />
                  <svg
                    aria-hidden="true"
                    class="MuiSvgIcon-root MuiSvgIcon-fontSizeMedium MuiSelect-icon MuiTablePagination-selectIcon MuiSelect-iconStandard css-pqjvzy-MuiSvgIcon-root-MuiSelect-icon"
                    data-testid="ArrowDropDownIcon"
                    focusable="false"
                    viewBox="0 0 24 24"
                  >
                    <path
                      d="M7 10l5 5 5-5z"
                    />
                  </svg>
                </div>
                <p
                  class="MuiTablePagination-displayedRows css-levciy-MuiTablePagination-displayedRows"
                >
                  1–5 of 5
                </p>
                <div
                  class="MuiTablePagination-actions"
                >
                  <button
                    aria-label="Go to previous page"
                    class="MuiButtonBase-root Mui-disabled MuiIconButton-root Mui-disabled MuiIconButton-colorInherit MuiIconButton-sizeMedium css-zylse7-MuiButtonBase-root-MuiIconButton-root"
                    disabled=""
                    tabindex="-1"
                    title="Go to previous page"
                    type="button"
                  >
                    <svg
                      aria-hidden="true"
                      class="MuiSvgIcon-root MuiSvgIcon-fontSizeMedium css-i4bv87-MuiSvgIcon-root"
                      data-testid="KeyboardArrowLeftIcon"
                      focusable="false"
                      viewBox="0 0 24 24"
                    >
                      <path
                        d="M15.41 16.09l-4.58-4.59 4.58-4.59L14 5.5l-6 6 6 6z"
                      />
                    </svg>
                  </button>
                  <button
                    aria-label="Go to next page"
                    class="MuiButtonBase-root Mui-disabled MuiIconButton-root Mui-disabled MuiIconButton-colorInherit MuiIconButton-sizeMedium css-zylse7-MuiButtonBase-root-MuiIconButton-root"
                    disabled=""
                    tabindex="-1"
                    title="Go to next page"
                    type="button"
                  >
                    <svg
                      aria-hidden="true"
                      class="MuiSvgIcon-root MuiSvgIcon-fontSizeMedium css-i4bv87-MuiSvgIcon-root"
                      data-testid="KeyboardArrowRightIcon"
                      focusable="false"
                      viewBox="0 0 24 24"
                    >
                      <path
                        d="M8.59 16.34l4.58-4.59-4.58-4.59L10 5.75l6 6-6 6z"
                      />
                    </svg>
                  </button>
                </div>
              </div>
            </div>
          </div>
        </div>
      </div>
    </div>
  </div>
</div>
`;
